
> client@0.0.0 test
> npx jest

node.exe : FAIL src/__tests__/App.test.jsx
At line:1 char:1
+ & "C:\Program Files\nodejs/node.exe" "C:\Program 
Files\nodejs/node_mo ...
+ ~~~~~~~~~~~~~~~~~~~~~~~~~~~~~~~~~~~~~~~~~~~~~~~~~~~~~~~~~~~~~~~~
~~~~~
    + CategoryInfo          : NotSpecified: (FAIL src/__tests__/A 
   pp.test.jsx:String) [], RemoteException
    + FullyQualifiedErrorId : NativeCommandError
 
  ΓùÅ Test suite failed to run

    Cannot find module '@testing-library/jest-dom' from 
'src/setupTests.js'

    [0m[31m[1m>[22m[39m[90m 1 |[39m [36mimport[39m 
[32m"@testing-library/jest-dom"[39m[33m;[39m
     [90m   |[39m [31m[1m^[22m[39m
     [90m 2 |[39m[0m

      at Resolver._throwModNotFoundError 
(node_modules/jest-resolve/build/index.js:863:11)
      at Object.require (src/setupTests.js:1:1)

Test Suites: 1 failed, 1 total
Tests:       0 total
Snapshots:   0 total
Time:        1.456 s
Ran all test suites.
